// Jest Snapshot v1, https://goo.gl/fbAQLP

exports[`HomeView should render correctly 1`] = `ShallowWrapper {}`;
