// Jest Snapshot v1, https://goo.gl/fbAQLP

exports[`Map View should render correctly 1`] = `ShallowWrapper {}`;
